../Core/Src/main.c:90:6:subscription_str_callback	120	static
../Core/Src/main.c:102:6:subscription_imu_callback	24	static
../Core/Src/main.c:110:6:debug_led	8	static
../Core/Src/main.c:123:5:main	8	static
../Core/Src/main.c:203:6:SystemClock_Config	88	static
../Core/Src/main.c:249:13:MX_USART2_UART_Init	8	static
../Core/Src/main.c:280:13:MX_DMA_Init	16	static
../Core/Src/main.c:301:13:MX_GPIO_Init	48	static
../Core/Src/main.c:359:6:StartDefaultTask	888	static
../Core/Src/main.c:468:6:HAL_TIM_PeriodElapsedCallback	16	static
../Core/Src/main.c:485:6:Error_Handler	4	static,ignoring_inline_asm
